// Jest Snapshot v1, https://goo.gl/fbAQLP

exports[`rootReducer should match snapshot 1`] = `[Function]`;
